[debug] [2026-03-22T07:21:36.256Z] ----------------------------------------------------------------------
[debug] [2026-03-22T07:21:36.259Z] Command:       C:\Program Files\nodejs\node.exe C:\Users\lenovo\AppData\Roaming\npm\node_modules\firebase-tools\lib\bin\firebase.js deploy --only hosting
[debug] [2026-03-22T07:21:36.259Z] CLI Version:   15.8.0
[debug] [2026-03-22T07:21:36.259Z] Platform:      win32
[debug] [2026-03-22T07:21:36.259Z] Node Version:  v24.12.0
[debug] [2026-03-22T07:21:36.260Z] Time:          Sun Mar 22 2026 12:51:36 GMT+0530 (India Standard Time)
[debug] [2026-03-22T07:21:36.260Z] ----------------------------------------------------------------------
[debug] 
[debug] [2026-03-22T07:21:36.262Z] >>> [apiv2][query] GET https://firebase-public.firebaseio.com/cli.json [none]
[debug] [2026-03-22T07:21:39.215Z] > command requires scopes: ["email","openid","https://www.googleapis.com/auth/cloudplatformprojects.readonly","https://www.googleapis.com/auth/firebase","https://www.googleapis.com/auth/cloud-platform"]
[debug] [2026-03-22T07:21:39.215Z] > authorizing via signed-in user (dhanushdg0710@gmail.com)
[debug] [2026-03-22T07:21:39.215Z] [iam] checking project numismatics-web-app for permissions ["firebase.projects.get","firebasehosting.sites.update"]
[debug] [2026-03-22T07:21:39.216Z] Checked if tokens are valid: false, expires at: 1772552950739
[debug] [2026-03-22T07:21:39.216Z] Checked if tokens are valid: false, expires at: 1772552950739
[debug] [2026-03-22T07:21:39.216Z] > refreshing access token with scopes: []
[debug] [2026-03-22T07:21:39.217Z] >>> [apiv2][query] POST https://www.googleapis.com/oauth2/v3/token [none]
[debug] [2026-03-22T07:21:39.217Z] >>> [apiv2][body] POST https://www.googleapis.com/oauth2/v3/token [omitted]
[debug] [2026-03-22T07:21:39.596Z] <<< [apiv2][status] POST https://www.googleapis.com/oauth2/v3/token 200
[debug] [2026-03-22T07:21:39.597Z] <<< [apiv2][body] POST https://www.googleapis.com/oauth2/v3/token [omitted]
[debug] [2026-03-22T07:21:39.626Z] >>> [apiv2][query] POST https://cloudresourcemanager.googleapis.com/v1/projects/numismatics-web-app:testIamPermissions [none]
[debug] [2026-03-22T07:21:39.626Z] >>> [apiv2][(partial)header] POST https://cloudresourcemanager.googleapis.com/v1/projects/numismatics-web-app:testIamPermissions  x-goog-user-project=numismatics-web-app
[debug] [2026-03-22T07:21:39.626Z] >>> [apiv2][body] POST https://cloudresourcemanager.googleapis.com/v1/projects/numismatics-web-app:testIamPermissions {"permissions":["firebase.projects.get","firebasehosting.sites.update"]}
[debug] [2026-03-22T07:21:39.898Z] <<< [apiv2][status] GET https://firebase-public.firebaseio.com/cli.json 200
[debug] [2026-03-22T07:21:39.898Z] <<< [apiv2][body] GET https://firebase-public.firebaseio.com/cli.json {"cloudBuildErrorAfter":1594252800000,"cloudBuildWarnAfter":1590019200000,"defaultNode10After":1594252800000,"minVersion":"3.0.5","node8DeploysDisabledAfter":1613390400000,"node8RuntimeDisabledAfter":1615809600000,"node8WarnAfter":1600128000000}
[debug] [2026-03-22T07:21:41.149Z] <<< [apiv2][status] POST https://cloudresourcemanager.googleapis.com/v1/projects/numismatics-web-app:testIamPermissions 200
[debug] [2026-03-22T07:21:41.149Z] <<< [apiv2][body] POST https://cloudresourcemanager.googleapis.com/v1/projects/numismatics-web-app:testIamPermissions {"permissions":["firebase.projects.get","firebasehosting.sites.update"]}
[debug] [2026-03-22T07:21:41.149Z] Checked if tokens are valid: true, expires at: 1774167698597
[debug] [2026-03-22T07:21:41.150Z] Checked if tokens are valid: true, expires at: 1774167698597
[debug] [2026-03-22T07:21:41.150Z] >>> [apiv2][query] GET https://firebase.googleapis.com/v1beta1/projects/numismatics-web-app [none]
[debug] [2026-03-22T07:21:41.736Z] <<< [apiv2][status] GET https://firebase.googleapis.com/v1beta1/projects/numismatics-web-app 200
[debug] [2026-03-22T07:21:41.736Z] <<< [apiv2][body] GET https://firebase.googleapis.com/v1beta1/projects/numismatics-web-app {"projectId":"numismatics-web-app","projectNumber":"118555096262","displayName":"Numismatics-web-app","name":"projects/numismatics-web-app","resources":{"hostingSite":"numismatics-web-app"},"state":"ACTIVE","etag":"1_b9ee45b4-c50c-416a-985d-e83fcc64f5ac"}
[debug] [2026-03-22T07:21:44.047Z] Checked if tokens are valid: true, expires at: 1774167698597
[debug] [2026-03-22T07:21:44.047Z] Checked if tokens are valid: true, expires at: 1774167698597
[debug] [2026-03-22T07:21:44.047Z] >>> [apiv2][query] GET https://firebasehosting.googleapis.com/v1beta1/projects/numismatics-web-app/sites pageToken=&pageSize=10
[debug] [2026-03-22T07:21:45.495Z] <<< [apiv2][status] GET https://firebasehosting.googleapis.com/v1beta1/projects/numismatics-web-app/sites 200
[debug] [2026-03-22T07:21:45.495Z] <<< [apiv2][body] GET https://firebasehosting.googleapis.com/v1beta1/projects/numismatics-web-app/sites {"sites":[{"name":"projects/numismatics-web-app/sites/numismatics-web-app","defaultUrl":"https://numismatics-web-app.web.app","type":"DEFAULT_SITE"}]}
[debug] [2026-03-22T07:21:45.497Z] Checked if tokens are valid: true, expires at: 1774167698597
[debug] [2026-03-22T07:21:45.498Z] Checked if tokens are valid: true, expires at: 1774167698597
[debug] [2026-03-22T07:21:45.498Z] >>> [apiv2][query] GET https://firebasehosting.googleapis.com/v1beta1/projects/numismatics-web-app/sites 
[debug] [2026-03-22T07:21:46.175Z] <<< [apiv2][status] GET https://firebasehosting.googleapis.com/v1beta1/projects/numismatics-web-app/sites 200
[debug] [2026-03-22T07:21:46.176Z] <<< [apiv2][body] GET https://firebasehosting.googleapis.com/v1beta1/projects/numismatics-web-app/sites {"sites":[{"name":"projects/numismatics-web-app/sites/numismatics-web-app","defaultUrl":"https://numismatics-web-app.web.app","type":"DEFAULT_SITE"}]}
[debug] [2026-03-22T07:21:46.176Z] Checked if tokens are valid: true, expires at: 1774167698597
[debug] [2026-03-22T07:21:46.176Z] Checked if tokens are valid: true, expires at: 1774167698597
[debug] [2026-03-22T07:21:46.177Z] >>> [apiv2][query] GET https://firebase.googleapis.com/v1beta1/projects/numismatics-web-app/webApps/-/config [none]
[debug] [2026-03-22T07:21:46.961Z] <<< [apiv2][status] GET https://firebase.googleapis.com/v1beta1/projects/numismatics-web-app/webApps/-/config 200
[debug] [2026-03-22T07:21:46.962Z] <<< [apiv2][body] GET https://firebase.googleapis.com/v1beta1/projects/numismatics-web-app/webApps/-/config {"projectId":"numismatics-web-app","appId":"1:118555096262:web:073409fddac5b26ef313c7","storageBucket":"numismatics-web-app.firebasestorage.app","apiKey":"AIzaSyBHJy4nxrVFbW8aN3w_icufQFLrTdoRp0A","authDomain":"numismatics-web-app.firebaseapp.com","messagingSenderId":"118555096262","measurementId":"G-FWD1S4F3RT","projectNumber":"118555096262","version":"2"}
[info] 
   Thank you for trying our early preview of Next.js support on Firebase Hosting.
   During the preview, support is best-effort and breaking changes can be expected. Proceed with caution.
   The integration is known to work with Next.js version 12 - 15.0. You may encounter errors.

   Documentation: https://firebase.google.com/docs/hosting/frameworks/nextjs
   File a bug: https://github.com/firebase/firebase-tools/issues/new?template=bug_report.md
   Submit a feature request: https://github.com/firebase/firebase-tools/issues/new?template=feature_request.md

   We'd love to learn from you. Express your interest in helping us shape the future of Firebase Hosting: https://goo.gle/41enW5X

[debug] [2026-03-22T07:21:52.577Z] Checked if tokens are valid: true, expires at: 1774167698597
[debug] [2026-03-22T07:21:52.577Z] Checked if tokens are valid: true, expires at: 1774167698597
[debug] [2026-03-22T07:21:52.577Z] >>> [apiv2][query] GET https://firebasehosting.googleapis.com/v1beta1/projects/numismatics-web-app/sites/numismatics-web-app [none]
[debug] [2026-03-22T07:21:53.653Z] <<< [apiv2][status] GET https://firebasehosting.googleapis.com/v1beta1/projects/numismatics-web-app/sites/numismatics-web-app 200
[debug] [2026-03-22T07:21:53.654Z] <<< [apiv2][body] GET https://firebasehosting.googleapis.com/v1beta1/projects/numismatics-web-app/sites/numismatics-web-app {"name":"projects/numismatics-web-app/sites/numismatics-web-app","defaultUrl":"https://numismatics-web-app.web.app","type":"DEFAULT_SITE"}
[info] ▲ Next.js 16.1.6 (Turbopack)

[info] 

[info]   Creating an optimized production build ...

[debug] [2026-03-22T07:23:10.182Z] ----------------------------------------------------------------------
[debug] [2026-03-22T07:23:10.186Z] Command:       C:\Program Files\nodejs\node.exe C:\Users\lenovo\AppData\Roaming\npm\node_modules\firebase-tools\lib\bin\firebase.js deploy --only hosting --non-interactive --debug
[debug] [2026-03-22T07:23:10.186Z] CLI Version:   15.8.0
[debug] [2026-03-22T07:23:10.186Z] Platform:      win32
[debug] [2026-03-22T07:23:10.186Z] Node Version:  v24.12.0
[debug] [2026-03-22T07:23:10.187Z] Time:          Sun Mar 22 2026 12:53:10 GMT+0530 (India Standard Time)
[debug] [2026-03-22T07:23:10.187Z] ----------------------------------------------------------------------
[debug] 
[debug] [2026-03-22T07:23:11.733Z] > command requires scopes: ["email","openid","https://www.googleapis.com/auth/cloudplatformprojects.readonly","https://www.googleapis.com/auth/firebase","https://www.googleapis.com/auth/cloud-platform"]
[debug] [2026-03-22T07:23:11.734Z] > authorizing via signed-in user (dhanushdg0710@gmail.com)
[debug] [2026-03-22T07:23:11.734Z] [iam] checking project numismatics-web-app for permissions ["firebase.projects.get","firebasehosting.sites.update"]
[debug] [2026-03-22T07:23:11.735Z] Checked if tokens are valid: true, expires at: 1774167698597
[debug] [2026-03-22T07:23:11.735Z] Checked if tokens are valid: true, expires at: 1774167698597
[debug] [2026-03-22T07:23:11.736Z] >>> [apiv2][query] POST https://cloudresourcemanager.googleapis.com/v1/projects/numismatics-web-app:testIamPermissions [none]
[debug] [2026-03-22T07:23:11.736Z] >>> [apiv2][(partial)header] POST https://cloudresourcemanager.googleapis.com/v1/projects/numismatics-web-app:testIamPermissions  x-goog-user-project=numismatics-web-app
[debug] [2026-03-22T07:23:11.737Z] >>> [apiv2][body] POST https://cloudresourcemanager.googleapis.com/v1/projects/numismatics-web-app:testIamPermissions {"permissions":["firebase.projects.get","firebasehosting.sites.update"]}
[debug] [2026-03-22T07:23:13.141Z] <<< [apiv2][status] POST https://cloudresourcemanager.googleapis.com/v1/projects/numismatics-web-app:testIamPermissions 200
[debug] [2026-03-22T07:23:13.141Z] <<< [apiv2][body] POST https://cloudresourcemanager.googleapis.com/v1/projects/numismatics-web-app:testIamPermissions {"permissions":["firebase.projects.get","firebasehosting.sites.update"]}
[debug] [2026-03-22T07:23:13.143Z] Checked if tokens are valid: true, expires at: 1774167698597
[debug] [2026-03-22T07:23:13.144Z] Checked if tokens are valid: true, expires at: 1774167698597
[debug] [2026-03-22T07:23:13.145Z] >>> [apiv2][query] GET https://firebase.googleapis.com/v1beta1/projects/numismatics-web-app [none]
[debug] [2026-03-22T07:23:13.839Z] <<< [apiv2][status] GET https://firebase.googleapis.com/v1beta1/projects/numismatics-web-app 200
[debug] [2026-03-22T07:23:13.840Z] <<< [apiv2][body] GET https://firebase.googleapis.com/v1beta1/projects/numismatics-web-app {"projectId":"numismatics-web-app","projectNumber":"118555096262","displayName":"Numismatics-web-app","name":"projects/numismatics-web-app","resources":{"hostingSite":"numismatics-web-app"},"state":"ACTIVE","etag":"1_b9ee45b4-c50c-416a-985d-e83fcc64f5ac"}
[debug] [2026-03-22T07:23:16.001Z] Checked if tokens are valid: true, expires at: 1774167698597
[debug] [2026-03-22T07:23:16.002Z] Checked if tokens are valid: true, expires at: 1774167698597
[debug] [2026-03-22T07:23:16.002Z] >>> [apiv2][query] GET https://firebasehosting.googleapis.com/v1beta1/projects/numismatics-web-app/sites pageToken=&pageSize=10
[debug] [2026-03-22T07:23:17.239Z] <<< [apiv2][status] GET https://firebasehosting.googleapis.com/v1beta1/projects/numismatics-web-app/sites 200
[debug] [2026-03-22T07:23:17.240Z] <<< [apiv2][body] GET https://firebasehosting.googleapis.com/v1beta1/projects/numismatics-web-app/sites {"sites":[{"name":"projects/numismatics-web-app/sites/numismatics-web-app","defaultUrl":"https://numismatics-web-app.web.app","type":"DEFAULT_SITE"}]}
[debug] [2026-03-22T07:23:17.242Z] Checked if tokens are valid: true, expires at: 1774167698597
[debug] [2026-03-22T07:23:17.242Z] Checked if tokens are valid: true, expires at: 1774167698597
[debug] [2026-03-22T07:23:17.243Z] >>> [apiv2][query] GET https://firebasehosting.googleapis.com/v1beta1/projects/numismatics-web-app/sites 
[debug] [2026-03-22T07:23:17.943Z] <<< [apiv2][status] GET https://firebasehosting.googleapis.com/v1beta1/projects/numismatics-web-app/sites 200
[debug] [2026-03-22T07:23:17.944Z] <<< [apiv2][body] GET https://firebasehosting.googleapis.com/v1beta1/projects/numismatics-web-app/sites {"sites":[{"name":"projects/numismatics-web-app/sites/numismatics-web-app","defaultUrl":"https://numismatics-web-app.web.app","type":"DEFAULT_SITE"}]}
[debug] [2026-03-22T07:23:17.944Z] Checked if tokens are valid: true, expires at: 1774167698597
[debug] [2026-03-22T07:23:17.945Z] Checked if tokens are valid: true, expires at: 1774167698597
[debug] [2026-03-22T07:23:17.945Z] >>> [apiv2][query] GET https://firebase.googleapis.com/v1beta1/projects/numismatics-web-app/webApps/-/config [none]
[debug] [2026-03-22T07:23:18.900Z] <<< [apiv2][status] GET https://firebase.googleapis.com/v1beta1/projects/numismatics-web-app/webApps/-/config 200
[debug] [2026-03-22T07:23:18.901Z] <<< [apiv2][body] GET https://firebase.googleapis.com/v1beta1/projects/numismatics-web-app/webApps/-/config {"projectId":"numismatics-web-app","appId":"1:118555096262:web:073409fddac5b26ef313c7","storageBucket":"numismatics-web-app.firebasestorage.app","apiKey":"AIzaSyBHJy4nxrVFbW8aN3w_icufQFLrTdoRp0A","authDomain":"numismatics-web-app.firebaseapp.com","messagingSenderId":"118555096262","measurementId":"G-FWD1S4F3RT","projectNumber":"118555096262","version":"2"}
[info] 
   Thank you for trying our early preview of Next.js support on Firebase Hosting.
   During the preview, support is best-effort and breaking changes can be expected. Proceed with caution.
   The integration is known to work with Next.js version 12 - 15.0. You may encounter errors.

   Documentation: https://firebase.google.com/docs/hosting/frameworks/nextjs
   File a bug: https://github.com/firebase/firebase-tools/issues/new?template=bug_report.md
   Submit a feature request: https://github.com/firebase/firebase-tools/issues/new?template=feature_request.md

   We'd love to learn from you. Express your interest in helping us shape the future of Firebase Hosting: https://goo.gle/41enW5X

[debug] [2026-03-22T07:23:24.557Z] Checked if tokens are valid: true, expires at: 1774167698597
[debug] [2026-03-22T07:23:24.557Z] Checked if tokens are valid: true, expires at: 1774167698597
[debug] [2026-03-22T07:23:24.557Z] >>> [apiv2][query] GET https://firebasehosting.googleapis.com/v1beta1/projects/numismatics-web-app/sites/numismatics-web-app [none]
[debug] [2026-03-22T07:23:25.684Z] <<< [apiv2][status] GET https://firebasehosting.googleapis.com/v1beta1/projects/numismatics-web-app/sites/numismatics-web-app 200
[debug] [2026-03-22T07:23:25.685Z] <<< [apiv2][body] GET https://firebasehosting.googleapis.com/v1beta1/projects/numismatics-web-app/sites/numismatics-web-app {"name":"projects/numismatics-web-app/sites/numismatics-web-app","defaultUrl":"https://numismatics-web-app.web.app","type":"DEFAULT_SITE"}
[info] ▲ Next.js 16.1.6 (Turbopack)

[info] 

[info]   Creating an optimized production build ...

[info] 

[info] [139.86ms] [@tailwindcss/postcss] src\app\globals.css
[  0.09ms]   ↳ Quick bail check
[ 34.57ms]   ↳ Setup compiler
[  0.21ms]     ↳ PostCSS AST -> Tailwind CSS AST
[ 34.33ms]     ↳ Create compiler
[  0.18ms]   ↳ Register full rebuild paths
[  2.15ms]   ↳ Setup scanner

[info] [ 19.65ms]   ↳ Scan for candidates
[  7.16ms]   ↳ Register dependency messages
[ 41.22ms]   ↳ Build utilities
[ 30.09ms]   ↳ Optimization
[  0.88ms]     ↳ AST -> CSS
[ 18.25ms]     ↳ Lightning CSS

[info] [ 10.90ms]     ↳ CSS -> PostCSS AST
[  4.22ms]   ↳ Update PostCSS AST


[info] ✓ Compiled successfully in 3.8s

[info]   Running TypeScript ...

[info]   Collecting page data using 11 workers ...

[info]   Generating static pages using 11 workers (0/15) ...

[info]   Generating static pages using 11 workers (3/15) 

[info]   Generating static pages using 11 workers (7/15) 

[info]   Generating static pages using 11 workers (11/15) 

[info] ✓ Generating static pages using 11 workers (15/15) in 511.1ms

[info]   Finalizing page optimization ...

[info] 

[info] Route (app)
┌ ○ /
├ ○ /_not-found
├ ○ /cart
├ ○ /checkout
├ ○ /collection
├ ○ /login
├ ○ /marketplace
├ ○ /messages
├ ƒ /product/[id]
├ ○ /profile
├ ○ /register
├ ○ /sell
├ ƒ /seller/[id]
├ ○ /success
└ ○ /wishlist



[info] ○  (Static)   prerendered as static content
ƒ  (Dynamic)  server-rendered on demand


[info] Building a Cloud Function to run this application. This is needed due to:
[info]  • non-static component /product/[id]/page
[info]  • non-static component /seller/[id]/page
[info] 
[debug] [2026-03-22T07:23:38.064Z] Checked if tokens are valid: true, expires at: 1774167698597
[debug] [2026-03-22T07:23:38.065Z] Checked if tokens are valid: true, expires at: 1774167698597
[debug] [2026-03-22T07:23:38.065Z] >>> [apiv2][query] GET https://firebasehosting.googleapis.com/v1beta1/projects/numismatics-web-app/sites/numismatics-web-app [none]
[debug] [2026-03-22T07:23:39.207Z] <<< [apiv2][status] GET https://firebasehosting.googleapis.com/v1beta1/projects/numismatics-web-app/sites/numismatics-web-app 200
[debug] [2026-03-22T07:23:39.207Z] <<< [apiv2][body] GET https://firebasehosting.googleapis.com/v1beta1/projects/numismatics-web-app/sites/numismatics-web-app {"name":"projects/numismatics-web-app/sites/numismatics-web-app","defaultUrl":"https://numismatics-web-app.web.app","type":"DEFAULT_SITE"}
[debug] [2026-03-22T07:24:14.648Z] [web frameworks] effective firebase.json:  {
  "hosting": [
    {
      "source": ".",
      "ignore": [
        "firebase.json",
        "**/.*",
        "**/node_modules/**"
      ],
      "frameworksBackend": {
        "region": "us-central1"
      },
      "site": "numismatics-web-app",
      "rewrites": [
        {
          "source": "/**",
          "function": {
            "functionId": "ssrnumismaticswebapp",
            "region": "us-central1",
            "pinTag": true
          }
        }
      ],
      "redirects": [],
      "headers": [
        {
          "source": "/_global-error",
          "headers": [
            {
              "key": "x-nextjs-stale-time",
              "value": "300"
            },
            {
              "key": "x-nextjs-prerender",
              "value": "1"
            },
            {
              "key": "x-next-cache-tags",
              "value": "_N_T_/layout,_N_T_/_global-error/layout,_N_T_/_global-error/page,_N_T_/_global-error"
            }
          ]
        },
        {
          "source": "/checkout",
          "headers": [
            {
              "key": "x-nextjs-stale-time",
              "value": "300"
            },
            {
              "key": "x-nextjs-prerender",
              "value": "1"
            },
            {
              "key": "x-next-cache-tags",
              "value": "_N_T_/layout,_N_T_/checkout/layout,_N_T_/checkout/page,_N_T_/checkout"
            }
          ]
        },
        {
          "source": "/collection",
          "headers": [
            {
              "key": "x-nextjs-stale-time",
              "value": "300"
            },
            {
              "key": "x-nextjs-prerender",
              "value": "1"
            },
            {
              "key": "x-next-cache-tags",
              "value": "_N_T_/layout,_N_T_/collection/layout,_N_T_/collection/page,_N_T_/collection"
            }
          ]
        },
        {
          "source": "/favicon.ico",
          "headers": [
            {
              "key": "cache-control",
              "value": "public, max-age=0, must-revalidate"
            },
            {
              "key": "content-type",
              "value": "image/x-icon"
            },
            {
              "key": "x-next-cache-tags",
              "value": "_N_T_/layout,_N_T_/favicon.ico/layout,_N_T_/favicon.ico/route,_N_T_/favicon.ico"
            }
          ]
        },
        {
          "source": "/login",
          "headers": [
            {
              "key": "x-nextjs-stale-time",
              "value": "300"
            },
            {
              "key": "x-nextjs-prerender",
              "value": "1"
            },
            {
              "key": "x-next-cache-tags",
              "value": "_N_T_/layout,_N_T_/login/layout,_N_T_/login/page,_N_T_/login"
            }
          ]
        },
        {
          "source": "/marketplace",
          "headers": [
            {
              "key": "x-nextjs-stale-time",
              "value": "300"
            },
            {
              "key": "x-nextjs-prerender",
              "value": "1"
            },
            {
              "key": "x-next-cache-tags",
              "value": "_N_T_/layout,_N_T_/marketplace/layout,_N_T_/marketplace/page,_N_T_/marketplace"
            }
          ]
        },
        {
          "source": "/register",
          "headers": [
            {
              "key": "x-nextjs-stale-time",
              "value": "300"
            },
            {
              "key": "x-nextjs-prerender",
              "value": "1"
            },
            {
              "key": "x-next-cache-tags",
              "value": "_N_T_/layout,_N_T_/register/layout,_N_T_/register/page,_N_T_/register"
            }
          ]
        },
        {
          "source": "/cart",
          "headers": [
            {
              "key": "x-nextjs-stale-time",
              "value": "300"
            },
            {
              "key": "x-nextjs-prerender",
              "value": "1"
            },
            {
              "key": "x-next-cache-tags",
              "value": "_N_T_/layout,_N_T_/cart/layout,_N_T_/cart/page,_N_T_/cart"
            }
          ]
        },
        {
          "source": "/_not-found",
          "headers": [
            {
              "key": "x-nextjs-stale-time",
              "value": "300"
            },
            {
              "key": "x-nextjs-prerender",
              "value": "1"
            },
            {
              "key": "x-next-cache-tags",
              "value": "_N_T_/layout,_N_T_/_not-found/layout,_N_T_/_not-found/page,_N_T_/_not-found"
            }
          ]
        },
        {
          "source": "/sell",
          "headers": [
            {
              "key": "x-nextjs-stale-time",
              "value": "300"
            },
            {
              "key": "x-nextjs-prerender",
              "value": "1"
            },
            {
              "key": "x-next-cache-tags",
              "value": "_N_T_/layout,_N_T_/sell/layout,_N_T_/sell/page,_N_T_/sell"
            }
          ]
        },
        {
          "source": "/profile",
          "headers": [
            {
              "key": "x-nextjs-stale-time",
              "value": "300"
            },
            {
              "key": "x-nextjs-prerender",
              "value": "1"
            },
            {
              "key": "x-next-cache-tags",
              "value": "_N_T_/layout,_N_T_/profile/layout,_N_T_/profile/page,_N_T_/profile"
            }
          ]
        },
        {
          "source": "/messages",
          "headers": [
            {
              "key": "x-nextjs-stale-time",
              "value": "300"
            },
            {
              "key": "x-nextjs-prerender",
              "value": "1"
            },
            {
              "key": "x-next-cache-tags",
              "value": "_N_T_/layout,_N_T_/messages/layout,_N_T_/messages/page,_N_T_/messages"
            }
          ]
        },
        {
          "source": "/wishlist",
          "headers": [
            {
              "key": "x-nextjs-stale-time",
              "value": "300"
            },
            {
              "key": "x-nextjs-prerender",
              "value": "1"
            },
            {
              "key": "x-next-cache-tags",
              "value": "_N_T_/layout,_N_T_/wishlist/layout,_N_T_/wishlist/page,_N_T_/wishlist"
            }
          ]
        },
        {
          "source": "/success",
          "headers": [
            {
              "key": "x-nextjs-stale-time",
              "value": "300"
            },
            {
              "key": "x-nextjs-prerender",
              "value": "1"
            },
            {
              "key": "x-next-cache-tags",
              "value": "_N_T_/layout,_N_T_/success/layout,_N_T_/success/page,_N_T_/success"
            }
          ]
        },
        {
          "source": "/**/*.[jt]s",
          "headers": [
            {
              "key": "Set-Cookie",
              "value": "__FIREBASE_DEFAULTS__=eyJjb25maWciOnsicHJvamVjdElkIjoibnVtaXNtYXRpY3Mtd2ViLWFwcCIsImFwcElkIjoiMToxMTg1NTUwOTYyNjI6d2ViOjA3MzQwOWZkZGFjNWIyNmVmMzEzYzciLCJzdG9yYWdlQnVja2V0IjoibnVtaXNtYXRpY3Mtd2ViLWFwcC5maXJlYmFzZXN0b3JhZ2UuYXBwIiwiYXBpS2V5IjoiQUl6YVN5QkhKeTRueHJWRmJXOGFOM3dfaWN1ZlFGTHJUZG9ScDBBIiwiYXV0aERvbWFpbiI6Im51bWlzbWF0aWNzLXdlYi1hcHAuZmlyZWJhc2VhcHAuY29tIiwibWVzc2FnaW5nU2VuZGVySWQiOiIxMTg1NTUwOTYyNjIiLCJtZWFzdXJlbWVudElkIjoiRy1GV0QxUzRGM1JUIiwicHJvamVjdE51bWJlciI6IjExODU1NTA5NjI2MiIsInZlcnNpb24iOiIyIn0sIl9hdXRoVG9rZW5TeW5jVVJMIjoiL19fc2Vzc2lvbiJ9; SameSite=Strict; Expires=2028-02-14T18:04:14.648Z; Path=/;"
            }
          ]
        }
      ],
      "cleanUrls": true,
      "trailingSlash": false,
      "public": ".firebase\\numismatics-web-app\\hosting",
      "webFramework": "next_ssr"
    }
  ],
  "functions": [
    {
      "source": ".firebase\\numismatics-web-app\\functions",
      "codebase": "firebase-frameworks-numismatics-web-app"
    }
  ]
}
[debug] [2026-03-22T07:24:14.648Z] > command requires scopes: ["email","openid","https://www.googleapis.com/auth/cloudplatformprojects.readonly","https://www.googleapis.com/auth/firebase","https://www.googleapis.com/auth/cloud-platform"]
[debug] [2026-03-22T07:24:14.650Z] > authorizing via signed-in user (dhanushdg0710@gmail.com)
[debug] [2026-03-22T07:24:14.650Z] [iam] checking project numismatics-web-app for permissions ["cloudfunctions.functions.create","cloudfunctions.functions.delete","cloudfunctions.functions.get","cloudfunctions.functions.list","cloudfunctions.functions.update","cloudfunctions.operations.get","firebase.projects.get"]
[debug] [2026-03-22T07:24:14.650Z] Checked if tokens are valid: true, expires at: 1774167698597
[debug] [2026-03-22T07:24:14.650Z] Checked if tokens are valid: true, expires at: 1774167698597
[debug] [2026-03-22T07:24:14.650Z] >>> [apiv2][query] POST https://cloudresourcemanager.googleapis.com/v1/projects/numismatics-web-app:testIamPermissions [none]
[debug] [2026-03-22T07:24:14.650Z] >>> [apiv2][(partial)header] POST https://cloudresourcemanager.googleapis.com/v1/projects/numismatics-web-app:testIamPermissions  x-goog-user-project=numismatics-web-app
[debug] [2026-03-22T07:24:14.650Z] >>> [apiv2][body] POST https://cloudresourcemanager.googleapis.com/v1/projects/numismatics-web-app:testIamPermissions {"permissions":["cloudfunctions.functions.create","cloudfunctions.functions.delete","cloudfunctions.functions.get","cloudfunctions.functions.list","cloudfunctions.functions.update","cloudfunctions.operations.get","firebase.projects.get"]}
[debug] [2026-03-22T07:24:16.017Z] <<< [apiv2][status] POST https://cloudresourcemanager.googleapis.com/v1/projects/numismatics-web-app:testIamPermissions 200
[debug] [2026-03-22T07:24:16.017Z] <<< [apiv2][body] POST https://cloudresourcemanager.googleapis.com/v1/projects/numismatics-web-app:testIamPermissions {"permissions":["cloudfunctions.functions.create","cloudfunctions.functions.delete","cloudfunctions.functions.get","cloudfunctions.functions.list","cloudfunctions.functions.update","cloudfunctions.operations.get","firebase.projects.get"]}
[debug] [2026-03-22T07:24:16.018Z] Checked if tokens are valid: true, expires at: 1774167698597
[debug] [2026-03-22T07:24:16.018Z] Checked if tokens are valid: true, expires at: 1774167698597
[debug] [2026-03-22T07:24:16.018Z] >>> [apiv2][query] GET https://cloudfunctions.googleapis.com/v1/projects/numismatics-web-app/locations/-/functions [none]
[debug] [2026-03-22T07:24:16.571Z] <<< [apiv2][status] GET https://cloudfunctions.googleapis.com/v1/projects/numismatics-web-app/locations/-/functions 403
[debug] [2026-03-22T07:24:16.571Z] <<< [apiv2][body] GET https://cloudfunctions.googleapis.com/v1/projects/numismatics-web-app/locations/-/functions {"error":{"code":403,"message":"Cloud Functions API has not been used in project numismatics-web-app before or it is disabled. Enable it by visiting https://console.developers.google.com/apis/api/cloudfunctions.googleapis.com/overview?project=numismatics-web-app then retry. If you enabled this API recently, wait a few minutes for the action to propagate to our systems and retry.","status":"PERMISSION_DENIED","details":[{"@type":"type.googleapis.com/google.rpc.ErrorInfo","reason":"SERVICE_DISABLED","domain":"googleapis.com","metadata":{"service":"cloudfunctions.googleapis.com","serviceTitle":"Cloud Functions API","containerInfo":"numismatics-web-app","consumer":"projects/numismatics-web-app","activationUrl":"https://console.developers.google.com/apis/api/cloudfunctions.googleapis.com/overview?project=numismatics-web-app"}},{"@type":"type.googleapis.com/google.rpc.LocalizedMessage","locale":"en-US","message":"Cloud Functions API has not been used in project numismatics-web-app before or it is disabled. Enable it by visiting https://console.developers.google.com/apis/api/cloudfunctions.googleapis.com/overview?project=numismatics-web-app then retry. If you enabled this API recently, wait a few minutes for the action to propagate to our systems and retry."},{"@type":"type.googleapis.com/google.rpc.Help","links":[{"description":"Google developers console API activation","url":"https://console.developers.google.com/apis/api/cloudfunctions.googleapis.com/overview?project=numismatics-web-app"}]}]}}
[debug] [2026-03-22T07:24:16.572Z] [functions] failed to list functions for numismatics-web-app
[debug] [2026-03-22T07:24:16.572Z] [functions] Request to https://cloudfunctions.googleapis.com/v1/projects/numismatics-web-app/locations/-/functions had HTTP Error: 403, Cloud Functions API has not been used in project numismatics-web-app before or it is disabled. Enable it by visiting https://console.developers.google.com/apis/api/cloudfunctions.googleapis.com/overview?project=numismatics-web-app then retry. If you enabled this API recently, wait a few minutes for the action to propagate to our systems and retry.
[debug] [2026-03-22T07:24:16.883Z] FirebaseError: Request to https://cloudfunctions.googleapis.com/v1/projects/numismatics-web-app/locations/-/functions had HTTP Error: 403, Cloud Functions API has not been used in project numismatics-web-app before or it is disabled. Enable it by visiting https://console.developers.google.com/apis/api/cloudfunctions.googleapis.com/overview?project=numismatics-web-app then retry. If you enabled this API recently, wait a few minutes for the action to propagate to our systems and retry.
    at responseToError (C:\Users\lenovo\AppData\Roaming\npm\node_modules\firebase-tools\lib\responseToError.js:53:12)
    at RetryOperation._fn (C:\Users\lenovo\AppData\Roaming\npm\node_modules\firebase-tools\lib\apiv2.js:330:77)
    at process.processTicksAndRejections (node:internal/process/task_queues:103:5)
[error] 
[error] Error: Failed to list functions for numismatics-web-app
